=== RUN   TestEvalSchemaFlagKinds
=== RUN   TestEvalSchemaFlagKinds/bool
=== RUN   TestEvalSchemaFlagKinds/inverse_bool
=== RUN   TestEvalSchemaFlagKinds/string
=== RUN   TestEvalSchemaFlagKinds/int
=== RUN   TestEvalSchemaFlagKinds/int8
=== RUN   TestEvalSchemaFlagKinds/int16
=== RUN   TestEvalSchemaFlagKinds/int32
=== RUN   TestEvalSchemaFlagKinds/int64
=== RUN   TestEvalSchemaFlagKinds/uint
=== RUN   TestEvalSchemaFlagKinds/uint8
=== RUN   TestEvalSchemaFlagKinds/uint16
=== RUN   TestEvalSchemaFlagKinds/uint32
=== RUN   TestEvalSchemaFlagKinds/uint64
=== RUN   TestEvalSchemaFlagKinds/float
=== RUN   TestEvalSchemaFlagKinds/float32
=== RUN   TestEvalSchemaFlagKinds/float64
=== RUN   TestEvalSchemaFlagKinds/duration
=== RUN   TestEvalSchemaFlagKinds/timestamp
=== RUN   TestEvalSchemaFlagKinds/string_slice
=== RUN   TestEvalSchemaFlagKinds/int_slice
=== RUN   TestEvalSchemaFlagKinds/int8_slice
=== RUN   TestEvalSchemaFlagKinds/int16_slice
=== RUN   TestEvalSchemaFlagKinds/int32_slice
=== RUN   TestEvalSchemaFlagKinds/int64_slice
=== RUN   TestEvalSchemaFlagKinds/uint_slice
=== RUN   TestEvalSchemaFlagKinds/uint8_slice
=== RUN   TestEvalSchemaFlagKinds/uint16_slice
=== RUN   TestEvalSchemaFlagKinds/uint32_slice
=== RUN   TestEvalSchemaFlagKinds/uint64_slice
=== RUN   TestEvalSchemaFlagKinds/float_slice
=== RUN   TestEvalSchemaFlagKinds/float32_slice
=== RUN   TestEvalSchemaFlagKinds/float64_slice
=== RUN   TestEvalSchemaFlagKinds/string_map
--- PASS: TestEvalSchemaFlagKinds (0.00s)
    --- PASS: TestEvalSchemaFlagKinds/bool (0.00s)
    --- PASS: TestEvalSchemaFlagKinds/inverse_bool (0.00s)
    --- PASS: TestEvalSchemaFlagKinds/string (0.00s)
    --- PASS: TestEvalSchemaFlagKinds/int (0.00s)
    --- PASS: TestEvalSchemaFlagKinds/int8 (0.00s)
    --- PASS: TestEvalSchemaFlagKinds/int16 (0.00s)
    --- PASS: TestEvalSchemaFlagKinds/int32 (0.00s)
    --- PASS: TestEvalSchemaFlagKinds/int64 (0.00s)
    --- PASS: TestEvalSchemaFlagKinds/uint (0.00s)
    --- PASS: TestEvalSchemaFlagKinds/uint8 (0.00s)
    --- PASS: TestEvalSchemaFlagKinds/uint16 (0.00s)
    --- PASS: TestEvalSchemaFlagKinds/uint32 (0.00s)
    --- PASS: TestEvalSchemaFlagKinds/uint64 (0.00s)
    --- PASS: TestEvalSchemaFlagKinds/float (0.00s)
    --- PASS: TestEvalSchemaFlagKinds/float32 (0.00s)
    --- PASS: TestEvalSchemaFlagKinds/float64 (0.00s)
    --- PASS: TestEvalSchemaFlagKinds/duration (0.00s)
    --- PASS: TestEvalSchemaFlagKinds/timestamp (0.00s)
    --- PASS: TestEvalSchemaFlagKinds/string_slice (0.00s)
    --- PASS: TestEvalSchemaFlagKinds/int_slice (0.00s)
    --- PASS: TestEvalSchemaFlagKinds/int8_slice (0.00s)
    --- PASS: TestEvalSchemaFlagKinds/int16_slice (0.00s)
    --- PASS: TestEvalSchemaFlagKinds/int32_slice (0.00s)
    --- PASS: TestEvalSchemaFlagKinds/int64_slice (0.00s)
    --- PASS: TestEvalSchemaFlagKinds/uint_slice (0.00s)
    --- PASS: TestEvalSchemaFlagKinds/uint8_slice (0.00s)
    --- PASS: TestEvalSchemaFlagKinds/uint16_slice (0.00s)
    --- PASS: TestEvalSchemaFlagKinds/uint32_slice (0.00s)
    --- PASS: TestEvalSchemaFlagKinds/uint64_slice (0.00s)
    --- PASS: TestEvalSchemaFlagKinds/float_slice (0.00s)
    --- PASS: TestEvalSchemaFlagKinds/float32_slice (0.00s)
    --- PASS: TestEvalSchemaFlagKinds/float64_slice (0.00s)
    --- PASS: TestEvalSchemaFlagKinds/string_map (0.00s)
=== RUN   TestEvalGenericFlagNilSchemaItems
--- FAIL: TestEvalGenericFlagNilSchemaItems (0.00s)
panic: runtime error: invalid memory address or nil pointer dereference [recovered, repanicked]
[signal SIGSEGV: segmentation violation code=0x2 addr=0x0 pc=0x102f1f134]

goroutine 69 [running]:
testing.tRunner.func1.2({0x1033af6c0, 0x10349f060})
	/opt/homebrew/Cellar/go/1.26.3/libexec/src/testing/testing.go:1974 +0x1a0
testing.tRunner.func1()
	/opt/homebrew/Cellar/go/1.26.3/libexec/src/testing/testing.go:1977 +0x318
panic({0x1033af6c0?, 0x10349f060?})
	/opt/homebrew/Cellar/go/1.26.3/libexec/src/runtime/panic.go:860 +0x12c
github.com/urfave/cli/v3.(*FlagBase[...]).SchemaItemsType(0x10341c020?)
	<work>/evaluator/base/flag_impl.go:320 +0x24
github.com/urfave/cli/v3.TestEvalGenericFlagNilSchemaItems(0x1eefdf6af448)
	<work>/evaluator/base/eval_schema_test.go:84 +0x238
testing.tRunner(0x1eefdf6af448, 0x103432110)
	/opt/homebrew/Cellar/go/1.26.3/libexec/src/testing/testing.go:2036 +0xc4
created by testing.(*T).Run in goroutine 1
	/opt/homebrew/Cellar/go/1.26.3/libexec/src/testing/testing.go:2101 +0x3a8
FAIL	github.com/urfave/cli/v3	0.051s
FAIL
